$ export SPARK_HOME=/opt/spark
$ ./word_count_driver.sh

input_path: /path/to/spark-submit-example/sample_file.txt

M (minimum word length): 3

N (minimum word frequency): 2

records.count():  5

records.collect():
[
 'a red fox jumped high and high',
 'red fox jumped high to fence',
 'a fox jumped',
 'a fox jumped and sparked',
 ''
]

non_empty_records.count():  4

non_empty_records.collect():
[
 'a red fox jumped high and high',
 'red fox jumped high to fence',
 'a fox jumped',
 'a fox jumped and sparked'
]

words.count():  21

words.collect():
[
 'a',
 'red',
 'fox',
 'jumped',
 'high',
 'and',
 'high',
 'red',
 'fox',
 'jumped',
 'high',
 'to',
 'fence',
 'a',
 'fox',
 'jumped',
 'a',
 'fox',
 'jumped',
 'and',
 'sparked'
]

long_enough_words.count():  17

long_enough_words.collect():
[
 'red',
 'fox',
 'jumped',
 'high',
 'and',
 'high',
 'red',
 'fox',
 'jumped',
 'high',
 'fence',
 'fox',
 'jumped',
 'fox',
 'jumped',
 'and',
 'sparked'
]

pairs.count():  17

pairs.collect():
[
 ('red', 1),
 ('fox', 1),
 ('jumped', 1),
 ('high', 1),
 ('and', 1),
 ('high', 1),
 ('red', 1),
 ('fox', 1),
 ('jumped', 1),
 ('high', 1),
 ('fence', 1),
 ('fox', 1),
 ('jumped', 1),
 ('fox', 1),
 ('jumped', 1),
 ('and', 1),
 ('sparked', 1)
]

frequencies.count():  7

frequencies.collect():
[
 ('red', 2),
 ('high', 3),
 ('and', 2),
 ('fox', 4),
 ('jumped', 4),
 ('fence', 1),
 ('sparked', 1)
]

frequent_enough.count():  5

frequent_enough.collect():
[
 ('red', 2),
 ('high', 3),
 ('and', 2),
 ('fox', 4),
 ('jumped', 4)
]
